main.c:86:5:main	8	static
main.c:169:6:SystemClock_Config	88	static
main.c:213:13:MX_SPI1_Init	8	static
main.c:251:13:MX_TIM6_Init	16	static
main.c:289:13:MX_USART2_UART_Init	8	static
main.c:320:13:MX_DMA_Init	16	static
main.c:341:13:MX_GPIO_Init	48	static
main.c:390:6:receive_sensor	8	static
main.c:408:6:HAL_SPI_RxCpltCallback	16	static
main.c:415:6:HAL_SPI_TxCpltCallback	16	static
main.c:426:1:__io_putchar	16	static
main.c:434:1:__io_getchar	16	static
main.c:456:6:HAL_TIM_PeriodElapsedCallback	16	static
main.c:477:6:Error_Handler	4	static,ignoring_inline_asm
