main.c:110:5:main	8	static
main.c:175:6:SystemClock_Config	88	static
main.c:219:13:MX_TIM6_Init	16	static
main.c:257:13:MX_USART2_UART_Init	8	static
main.c:288:13:MX_DMA_Init	16	static
main.c:309:13:MX_GPIO_Init	40	static
main.c:338:1:__io_putchar	16	static
main.c:341:1:__io_getchar	16	static
main.c:348:6:HAL_UART_RxCpltCallback	24	static
main.c:536:6:HAL_UART_ErrorCallback	16	static
main.c:546:13:telnet_init	8	static
main.c:571:6:HAL_TIM_PeriodElapsedCallback	16	static
main.c:588:6:Error_Handler	4	static,ignoring_inline_asm
