main.c:112:5:main	16	static
main.c:332:6:SystemClock_Config	88	static
main.c:376:13:MX_TIM6_Init	16	static
main.c:414:13:MX_USART2_UART_Init	8	static
main.c:445:13:MX_DMA_Init	16	static
main.c:466:13:MX_GPIO_Init	40	static
main.c:495:1:__io_putchar	16	static
main.c:498:1:__io_getchar	16	static
main.c:506:6:HAL_UART_TxCpltCallback	16	static
main.c:511:6:HAL_UART_RxCpltCallback	16	static
main.c:561:6:HAL_UART_ErrorCallback	16	static
main.c:571:13:telnet_init	8	static
main.c:604:6:HAL_TIM_PeriodElapsedCallback	16	static
main.c:621:6:Error_Handler	4	static,ignoring_inline_asm
