16:41:05 **** Build of configuration Debug for project I2C_interrupt_CM7 ****
make -j12 all 
arm-none-eabi-gcc "../Core/Src/main.c" -mcpu=cortex-m7 -std=gnu11 -g3 -DDEBUG -DCORE_CM7 -DUSE_HAL_DRIVER -DSTM32H745xx -c -I../Core/Inc -I../../Drivers/STM32H7xx_HAL_Driver/Inc -I../../Drivers/STM32H7xx_HAL_Driver/Inc/Legacy -I../../Drivers/CMSIS/Device/ST/STM32H7xx/Include -I../../Drivers/CMSIS/Include -O0 -ffunction-sections -fdata-sections -Wall -fstack-usage -MMD -MP -MF"Core/Src/main.d" -MT"Core/Src/main.o" --specs=nano.specs -mfpu=fpv5-d16 -mfloat-abi=hard -mthumb -o "Core/Src/main.o"
../Core/Src/main.c: In function 'main':
../Core/Src/main.c:155:9: warning: statement with no effect [-Wunused-value]
  155 |    flag == TRUE;
      |         ^
arm-none-eabi-gcc -o "I2C_interrupt_CM7.elf" @"objects.list"   -mcpu=cortex-m7 -T"C:\Users\incads1917\STM32CubeIDE\workspace_1.7.0\I2C_interrupt\CM7\STM32H745XIHX_FLASH.ld" --specs=nosys.specs -Wl,-Map="I2C_interrupt_CM7.map" -Wl,--gc-sections -static --specs=nano.specs -mfpu=fpv5-d16 -mfloat-abi=hard -mthumb -Wl,--start-group -lc -lm -Wl,--end-group
Finished building target: I2C_interrupt_CM7.elf
 
arm-none-eabi-size   I2C_interrupt_CM7.elf 
arm-none-eabi-objdump -h -S  I2C_interrupt_CM7.elf  > "I2C_interrupt_CM7.list"
arm-none-eabi-objcopy  -O binary  I2C_interrupt_CM7.elf  "I2C_interrupt_CM7.bin"
   text	   data	    bss	    dec	    hex	filename
  34260	    124	   1932	  36316	   8ddc	I2C_interrupt_CM7.elf
Finished building: default.size.stdout
 
Finished building: I2C_interrupt_CM7.bin
 
Finished building: I2C_interrupt_CM7.list
 

16:41:07 Build Finished. 0 errors, 1 warnings. (took 2s.330ms)

