08:58:21 **** Incremental Build of configuration Debug for project SPI_407 ****
make -j12 all 
arm-none-eabi-gcc "../Core/Src/main.c" -mcpu=cortex-m4 -std=gnu11 -g3 -DDEBUG -DUSE_HAL_DRIVER -DSTM32F407xx -c -I../Core/Inc -I../Drivers/STM32F4xx_HAL_Driver/Inc -I../Drivers/STM32F4xx_HAL_Driver/Inc/Legacy -I../Drivers/CMSIS/Device/ST/STM32F4xx/Include -I../Drivers/CMSIS/Include -O0 -ffunction-sections -fdata-sections -Wall -fstack-usage -MMD -MP -MF"Core/Src/main.d" -MT"Core/Src/main.o" --specs=nano.specs -mfpu=fpv4-sp-d16 -mfloat-abi=hard -mthumb -o "Core/Src/main.o"
arm-none-eabi-gcc -o "SPI_407.elf" @"objects.list"   -mcpu=cortex-m4 -T"C:\Users\incads1917\STM32CubeIDE\workspace_1.7.0\SPI_407\STM32F407VGTX_FLASH.ld" --specs=nosys.specs -Wl,-Map="SPI_407.map" -Wl,--gc-sections -static --specs=nano.specs -mfpu=fpv4-sp-d16 -mfloat-abi=hard -mthumb -Wl,--start-group -lc -lm -Wl,--end-group
Finished building target: SPI_407.elf
 
arm-none-eabi-size   SPI_407.elf 
arm-none-eabi-objdump -h -S  SPI_407.elf  > "SPI_407.list"
arm-none-eabi-objcopy  -O binary  SPI_407.elf  "SPI_407.bin"
   text	   data	    bss	    dec	    hex	filename
  21576	    120	   2104	  23800	   5cf8	SPI_407.elf
Finished building: default.size.stdout
 
Finished building: SPI_407.bin
 
Finished building: SPI_407.list
 

08:58:24 Build Finished. 0 errors, 0 warnings. (took 2s.372ms)

