stm32f4xx_hal_uart.c:355:19:HAL_UART_Init	16	static
stm32f4xx_hal_uart.c:432:19:HAL_HalfDuplex_Init	16	static
stm32f4xx_hal_uart.c:505:19:HAL_LIN_Init	16	static
stm32f4xx_hal_uart.c:586:19:HAL_MultiProcessor_Init	24	static
stm32f4xx_hal_uart.c:663:19:HAL_UART_DeInit	16	static
stm32f4xx_hal_uart.c:708:13:HAL_UART_MspInit	16	static
stm32f4xx_hal_uart.c:723:13:HAL_UART_MspDeInit	16	static
stm32f4xx_hal_uart.c:1133:19:HAL_UART_Transmit	48	static
stm32f4xx_hal_uart.c:1222:19:HAL_UART_Receive	48	static
stm32f4xx_hal_uart.c:1313:19:HAL_UART_Transmit_IT	24	static
stm32f4xx_hal_uart.c:1358:19:HAL_UART_Receive_IT	24	static
stm32f4xx_hal_uart.c:1393:19:HAL_UART_Transmit_DMA	32	static
stm32f4xx_hal_uart.c:1461:19:HAL_UART_Receive_DMA	24	static
stm32f4xx_hal_uart.c:1491:19:HAL_UART_DMAPause	24	static
stm32f4xx_hal_uart.c:1528:19:HAL_UART_DMAResume	24	static
stm32f4xx_hal_uart.c:1564:19:HAL_UART_DMAStop	24	static
stm32f4xx_hal_uart.c:1619:19:HAL_UARTEx_ReceiveToIdle	40	static
stm32f4xx_hal_uart.c:1745:19:HAL_UARTEx_ReceiveToIdle_IT	32	static
stm32f4xx_hal_uart.c:1806:19:HAL_UARTEx_ReceiveToIdle_DMA	32	static
stm32f4xx_hal_uart.c:1863:19:HAL_UART_Abort	16	static
stm32f4xx_hal_uart.c:1952:19:HAL_UART_AbortTransmit	16	static
stm32f4xx_hal_uart.c:2003:19:HAL_UART_AbortReceive	16	static
stm32f4xx_hal_uart.c:2064:19:HAL_UART_Abort_IT	24	static
stm32f4xx_hal_uart.c:2199:19:HAL_UART_AbortTransmit_IT	16	static
stm32f4xx_hal_uart.c:2276:19:HAL_UART_AbortReceive_IT	16	static
stm32f4xx_hal_uart.c:2354:6:HAL_UART_IRQHandler	48	static
stm32f4xx_hal_uart.c:2584:13:HAL_UART_TxCpltCallback	16	static
stm32f4xx_hal_uart.c:2599:13:HAL_UART_TxHalfCpltCallback	16	static
stm32f4xx_hal_uart.c:2614:13:HAL_UART_RxCpltCallback	16	static
stm32f4xx_hal_uart.c:2629:13:HAL_UART_RxHalfCpltCallback	16	static
stm32f4xx_hal_uart.c:2644:13:HAL_UART_ErrorCallback	16	static
stm32f4xx_hal_uart.c:2658:13:HAL_UART_AbortCpltCallback	16	static
stm32f4xx_hal_uart.c:2673:13:HAL_UART_AbortTransmitCpltCallback	16	static
stm32f4xx_hal_uart.c:2688:13:HAL_UART_AbortReceiveCpltCallback	16	static
stm32f4xx_hal_uart.c:2705:13:HAL_UARTEx_RxEventCallback	16	static
stm32f4xx_hal_uart.c:2745:19:HAL_LIN_SendBreak	16	static
stm32f4xx_hal_uart.c:2772:19:HAL_MultiProcessor_EnterMuteMode	16	static
stm32f4xx_hal_uart.c:2799:19:HAL_MultiProcessor_ExitMuteMode	16	static
stm32f4xx_hal_uart.c:2826:19:HAL_HalfDuplex_EnableTransmitter	24	static
stm32f4xx_hal_uart.c:2861:19:HAL_HalfDuplex_EnableReceiver	24	static
stm32f4xx_hal_uart.c:2918:23:HAL_UART_GetState	24	static
stm32f4xx_hal_uart.c:2933:10:HAL_UART_GetError	16	static
stm32f4xx_hal_uart.c:2978:13:UART_DMATransmitCplt	24	static
stm32f4xx_hal_uart.c:3013:13:UART_DMATxHalfCplt	24	static
stm32f4xx_hal_uart.c:3032:13:UART_DMAReceiveCplt	24	static
stm32f4xx_hal_uart.c:3089:13:UART_DMARxHalfCplt	24	static
stm32f4xx_hal_uart.c:3124:13:UART_DMAError	24	static
stm32f4xx_hal_uart.c:3165:26:UART_WaitOnFlagUntilTimeout	24	static
stm32f4xx_hal_uart.c:3203:19:UART_Start_Receive_IT	24	static
stm32f4xx_hal_uart.c:3238:19:UART_Start_Receive_DMA	32	static
stm32f4xx_hal_uart.c:3288:13:UART_EndTxTransfer	16	static
stm32f4xx_hal_uart.c:3302:13:UART_EndRxTransfer	16	static
stm32f4xx_hal_uart.c:3326:13:UART_DMAAbortOnError	24	static
stm32f4xx_hal_uart.c:3350:13:UART_DMATxAbortCallback	24	static
stm32f4xx_hal_uart.c:3396:13:UART_DMARxAbortCallback	24	static
stm32f4xx_hal_uart.c:3442:13:UART_DMATxOnlyAbortCallback	24	static
stm32f4xx_hal_uart.c:3470:13:UART_DMARxOnlyAbortCallback	24	static
stm32f4xx_hal_uart.c:3496:26:UART_Transmit_IT	24	static
stm32f4xx_hal_uart.c:3536:26:UART_EndTransmit_IT	16	static
stm32f4xx_hal_uart.c:3561:26:UART_Receive_IT	24	static
stm32f4xx_hal_uart.c:3649:13:UART_SetConfig	160	static
