main.c:123:5:main	16	static
main.c:323:6:SystemClock_Config	88	static
main.c:367:13:MX_TIM6_Init	16	static
main.c:405:13:MX_USART2_UART_Init	8	static
main.c:436:13:MX_DMA_Init	16	static
main.c:457:13:MX_GPIO_Init	40	static
main.c:486:1:__io_putchar	16	static
main.c:489:1:__io_getchar	16	static
main.c:497:6:HAL_UART_TxCpltCallback	16	static
main.c:507:6:HAL_UART_RxCpltCallback	16	static
main.c:558:6:HAL_UART_ErrorCallback	16	static
main.c:568:13:telnet_init	8	static
main.c:601:6:HAL_TIM_PeriodElapsedCallback	16	static
main.c:618:6:Error_Handler	4	static,ignoring_inline_asm
