main.c:123:5:main	16	static
main.c:324:6:SystemClock_Config	88	static
main.c:371:13:MX_TIM6_Init	16	static
main.c:409:13:MX_USART2_UART_Init	8	static
main.c:440:13:MX_DMA_Init	16	static
main.c:461:13:MX_GPIO_Init	40	static
main.c:498:1:__io_putchar	16	static
main.c:501:1:__io_getchar	16	static
main.c:509:6:HAL_UART_TxCpltCallback	16	static
main.c:519:6:HAL_UART_RxCpltCallback	16	static
main.c:570:6:HAL_UART_ErrorCallback	16	static
main.c:580:13:telnet_init	8	static
main.c:613:6:HAL_TIM_PeriodElapsedCallback	16	static
main.c:630:6:Error_Handler	4	static,ignoring_inline_asm
