ssd1306.c:24:6:ssd1306_Reset	8	static
ssd1306.c:36:6:ssd1306_WriteCommand	16	static
ssd1306.c:44:6:ssd1306_WriteData	16	static
ssd1306.c:63:17:ssd1306_FillBuffer	24	static
ssd1306.c:73:6:ssd1306_Init	8	static
ssd1306.c:175:6:ssd1306_Fill	24	static
ssd1306.c:185:6:ssd1306_UpdateScreen	16	static
ssd1306.c:204:6:ssd1306_DrawPixel	16	static
ssd1306.c:222:6:ssd1306_WriteChar	48	static
ssd1306.c:257:6:ssd1306_WriteString	24	static
ssd1306.c:274:6:ssd1306_SetCursor	16	static
ssd1306.c:280:6:ssd1306_Line	48	static
ssd1306.c:316:6:ssd1306_Polyline	40	static
ssd1306.c:330:14:ssd1306_DegToRad	16	static
ssd1306.c:334:17:ssd1306_NormalizeTo0_360	24	static
ssd1306.c:351:6:ssd1306_DrawArc	56	static
ssd1306.c:394:6:ssd1306_DrawArcWithRadiusLine	64	static
ssd1306.c:438:6:ssd1306_DrawCircle	40	static
ssd1306.c:483:6:ssd1306_FillCircle	48	static
ssd1306.c:531:6:ssd1306_DrawRectangle	32	static
ssd1306.c:541:6:ssd1306_FillRectangle	32	static
ssd1306.c:552:6:ssd1306_DrawBitmap	24	static
ssd1306.c:574:6:ssd1306_SetContrast	24	static
ssd1306.c:580:6:ssd1306_SetDisplayOn	24	static
ssd1306.c:592:9:ssd1306_GetDisplayOn	4	static
